Invalid settings detected: Invalid encryption key size: 12. Valid sizes are 16, 24, or 32 bytes.

See srt-transmit --help for more info