error: the following required arguments were not provided:
  <FROM>
  <TO>...

Usage: srt-transmit <FROM> <TO>...

For more information, try '--help'.
